mode: set
medivault-service/internal/server/server.go:17.38,25.48 2 0
medivault-service/internal/server/server.go:25.48,27.3 1 0
medivault-service/internal/handler/authenticationHandler.go:6.53,8.2 0 0
medivault-service/internal/handler/authenticationHandler.go:11.54,12.2 0 0
medivault-service/internal/handler/authenticationHandler.go:15.60,17.2 0 0
medivault-service/internal/handler/patientFileCollection.go:6.87,6.88 0 0
medivault-service/internal/handler/patientFileCollection.go:9.75,9.76 0 0
medivault-service/internal/handler/patientFileCollection.go:12.75,12.76 0 0
medivault-service/internal/handler/patientFileCollection.go:15.75,15.76 0 0
medivault-service/internal/handler/patientFileCollection.go:18.85,18.86 0 0
medivault-service/internal/handler/patientFileCollection.go:21.90,21.91 0 0
medivault-service/internal/handler/patientFileCollection.go:24.87,24.88 0 0
medivault-service/internal/handler/patientFileHandler.go:6.65,6.66 0 0
medivault-service/internal/handler/patientFileHandler.go:9.77,9.78 0 0
medivault-service/internal/handler/patientFileHandler.go:12.65,12.66 0 0
medivault-service/internal/handler/patientFileHandler.go:15.65,15.66 0 0
medivault-service/internal/handler/userHandler.go:7.58,7.59 0 0
medivault-service/internal/handler/userHandler.go:10.59,10.60 0 0
medivault-service/internal/handler/userHandler.go:13.59,13.60 0 0
medivault-service/internal/handler/userHandler.go:16.58,16.59 0 0
medivault-service/internal/handler/userHandler.go:19.58,19.59 0 0
medivault-service/internal/db/generated/db.go:20.28,22.2 1 0
medivault-service/internal/db/generated/db.go:28.46,32.2 1 0
medivault-service/internal/db/generated/patient_collections.sql.go:18.105,23.2 4 0
medivault-service/internal/db/generated/patient_collections.sql.go:31.108,36.2 4 0
medivault-service/internal/db/generated/patient_files.sql.go:18.118,20.16 2 0
medivault-service/internal/db/generated/patient_files.sql.go:20.16,22.3 1 0
medivault-service/internal/db/generated/patient_files.sql.go:23.2,25.18 3 0
medivault-service/internal/db/generated/patient_files.sql.go:25.18,33.17 2 0
medivault-service/internal/db/generated/patient_files.sql.go:33.17,35.4 1 0
medivault-service/internal/db/generated/patient_files.sql.go:36.3,36.27 1 0
medivault-service/internal/db/generated/patient_files.sql.go:38.2,38.35 1 0
medivault-service/internal/db/generated/patient_files.sql.go:38.35,40.3 1 0
medivault-service/internal/db/generated/patient_files.sql.go:41.2,41.19 1 0
medivault-service/internal/db/generated/patient_files.sql.go:50.77,53.2 2 0
medivault-service/internal/db/generated/patient_files.sql.go:66.106,77.2 4 0
medivault-service/internal/db/generated/roles.sql.go:20.82,31.2 4 0
medivault-service/internal/db/generated/roles.sql.go:46.84,48.16 2 0
medivault-service/internal/db/generated/roles.sql.go:48.16,50.3 1 0
medivault-service/internal/db/generated/roles.sql.go:51.2,53.18 3 0
medivault-service/internal/db/generated/roles.sql.go:53.18,60.17 2 0
medivault-service/internal/db/generated/roles.sql.go:60.17,62.4 1 0
medivault-service/internal/db/generated/roles.sql.go:63.3,63.27 1 0
medivault-service/internal/db/generated/roles.sql.go:65.2,65.35 1 0
medivault-service/internal/db/generated/roles.sql.go:65.35,67.3 1 0
medivault-service/internal/db/generated/roles.sql.go:68.2,68.19 1 0
medivault-service/internal/db/generated/roles.sql.go:76.68,78.16 2 0
medivault-service/internal/db/generated/roles.sql.go:78.16,80.3 1 0
medivault-service/internal/db/generated/roles.sql.go:81.2,83.18 3 0
medivault-service/internal/db/generated/roles.sql.go:83.18,91.17 2 0
medivault-service/internal/db/generated/roles.sql.go:91.17,93.4 1 0
medivault-service/internal/db/generated/roles.sql.go:94.3,94.27 1 0
medivault-service/internal/db/generated/roles.sql.go:96.2,96.35 1 0
medivault-service/internal/db/generated/roles.sql.go:96.35,98.3 1 0
medivault-service/internal/db/generated/roles.sql.go:99.2,99.19 1 0
medivault-service/internal/db/generated/user.sql.go:18.66,23.2 4 0
medivault-service/internal/db/generated/user.sql.go:37.87,50.2 4 0
medivault-service/internal/db/generated/user.sql.go:58.71,60.16 2 0
medivault-service/internal/db/generated/user.sql.go:60.16,62.3 1 0
medivault-service/internal/db/generated/user.sql.go:63.2,65.18 3 0
medivault-service/internal/db/generated/user.sql.go:65.18,75.17 2 0
medivault-service/internal/db/generated/user.sql.go:75.17,77.4 1 0
medivault-service/internal/db/generated/user.sql.go:78.3,78.27 1 0
medivault-service/internal/db/generated/user.sql.go:80.2,80.35 1 0
medivault-service/internal/db/generated/user.sql.go:80.35,82.3 1 0
medivault-service/internal/db/generated/user.sql.go:83.2,83.19 1 0
medivault-service/internal/db/generated/user.sql.go:91.68,93.16 2 0
medivault-service/internal/db/generated/user.sql.go:93.16,95.3 1 0
medivault-service/internal/db/generated/user.sql.go:96.2,98.18 3 0
medivault-service/internal/db/generated/user.sql.go:98.18,108.17 2 0
medivault-service/internal/db/generated/user.sql.go:108.17,110.4 1 0
medivault-service/internal/db/generated/user.sql.go:111.3,111.27 1 0
medivault-service/internal/db/generated/user.sql.go:113.2,113.35 1 0
medivault-service/internal/db/generated/user.sql.go:113.35,115.3 1 0
medivault-service/internal/db/generated/user.sql.go:116.2,116.19 1 0
medivault-service/internal/db/generated/user.sql.go:125.71,128.2 2 0
medivault-service/internal/db/generated/user.sql.go:141.89,144.2 2 0
medivault-service/internal/db/generated/user_role.sql.go:23.91,26.2 2 0
medivault-service/internal/db/generated/user_role.sql.go:43.90,45.16 2 0
medivault-service/internal/db/generated/user_role.sql.go:45.16,47.3 1 0
medivault-service/internal/db/generated/user_role.sql.go:48.2,50.18 3 0
medivault-service/internal/db/generated/user_role.sql.go:50.18,57.17 2 0
medivault-service/internal/db/generated/user_role.sql.go:57.17,59.4 1 0
medivault-service/internal/db/generated/user_role.sql.go:60.3,60.27 1 0
medivault-service/internal/db/generated/user_role.sql.go:62.2,62.35 1 0
medivault-service/internal/db/generated/user_role.sql.go:62.35,64.3 1 0
medivault-service/internal/db/generated/user_role.sql.go:65.2,65.19 1 0
medivault-service/internal/db/generated/user_role.sql.go:78.95,81.2 2 0
medivault-service/internal/middleware/auth.go:14.52,15.71 1 0
medivault-service/internal/middleware/auth.go:15.71,18.27 2 0
medivault-service/internal/middleware/auth.go:18.27,22.4 3 0
medivault-service/internal/middleware/auth.go:22.9,24.82 2 0
medivault-service/internal/middleware/auth.go:24.82,25.60 1 0
medivault-service/internal/middleware/auth.go:25.60,27.6 1 0
medivault-service/internal/middleware/auth.go:28.5,28.34 1 0
medivault-service/internal/middleware/auth.go:31.4,31.69 1 0
medivault-service/internal/middleware/auth.go:31.69,36.5 2 0
medivault-service/internal/middleware/auth.go:36.10,40.5 3 0
medivault-service/internal/middleware/logging.go:14.46,15.71 1 0
medivault-service/internal/middleware/logging.go:15.71,24.3 4 0
medivault-service/internal/repository/sqlc/patientfile_repository_sqlc.go:14.83,16.2 1 0
medivault-service/internal/repository/sqlc/patientfile_repository_sqlc.go:18.101,20.2 1 0
medivault-service/internal/repository/sqlc/patientfile_repository_sqlc.go:21.107,23.2 1 0
medivault-service/internal/repository/sqlc/patientfile_repository_sqlc.go:24.145,26.2 1 0
medivault-service/internal/repository/sqlc/patientfile_repository_sqlc.go:27.153,29.2 1 0
medivault-service/internal/repository/sqlc/patientfile_repository_sqlc.go:30.84,32.2 1 0
medivault-service/internal/repository/sqlc/user_repository_sqlc.go:16.65,18.2 1 0
medivault-service/internal/repository/sqlc/user_repository_sqlc.go:21.80,23.2 1 0
medivault-service/internal/repository/sqlc/user_repository_sqlc.go:26.83,29.16 2 0
medivault-service/internal/repository/sqlc/user_repository_sqlc.go:29.16,31.3 1 0
medivault-service/internal/repository/sqlc/user_repository_sqlc.go:34.2,35.27 2 0
medivault-service/internal/repository/sqlc/user_repository_sqlc.go:35.27,45.3 1 0
medivault-service/internal/repository/sqlc/user_repository_sqlc.go:47.2,47.19 1 0
medivault-service/internal/repository/sqlc/user_repository_sqlc.go:51.107,59.16 3 0
medivault-service/internal/repository/sqlc/user_repository_sqlc.go:59.16,61.3 1 0
medivault-service/internal/repository/sqlc/user_repository_sqlc.go:64.2,72.8 1 0
medivault-service/internal/repository/sqlc/user_repository_sqlc.go:76.91,82.16 3 0
medivault-service/internal/repository/sqlc/user_repository_sqlc.go:82.16,84.3 1 0
medivault-service/internal/repository/sqlc/user_repository_sqlc.go:85.2,85.12 1 0
medivault-service/internal/repository/sqlc/user_repository_sqlc.go:89.76,91.2 1 0
medivault-service/pkg/utils/encryption.go:8.52,10.2 1 0
medivault-service/pkg/utils/encryption.go:13.61,15.2 1 0
medivault-service/pkg/utils/encryption.go:18.50,20.2 1 0
medivault-service/pkg/utils/encryption.go:23.50,25.2 1 0
medivault-service/internal/services/user_service.go:13.66,17.2 1 0
medivault-service/internal/services/user_service.go:19.75,21.2 1 0
medivault-service/cmd/api/main.go:8.13,10.75 2 0
medivault-service/cmd/api/main.go:10.75,14.3 3 0
medivault-service/cmd/api/main.go:16.2,21.25 3 0
